2025-11-01 17:04:26,171 INFO o.a.j.u.JMeterUtils: Setting Locale to en_EN
2025-11-01 17:04:26,183 INFO o.a.j.JMeter: Loading user properties from: /Users/mj/Desktop/jmeter/bin/user.properties
2025-11-01 17:04:26,183 INFO o.a.j.JMeter: Loading system properties from: /Users/mj/Desktop/jmeter/bin/system.properties
2025-11-01 17:04:26,186 INFO o.a.j.JMeter: Copyright (c) 1998-2024 The Apache Software Foundation
2025-11-01 17:04:26,187 INFO o.a.j.JMeter: Version 5.6.3
2025-11-01 17:04:26,187 INFO o.a.j.JMeter: java.version=23.0.2
2025-11-01 17:04:26,187 INFO o.a.j.JMeter: java.vm.name=Java HotSpot(TM) 64-Bit Server VM
2025-11-01 17:04:26,187 INFO o.a.j.JMeter: os.name=Mac OS X
2025-11-01 17:04:26,187 INFO o.a.j.JMeter: os.arch=aarch64
2025-11-01 17:04:26,187 INFO o.a.j.JMeter: os.version=12.5
2025-11-01 17:04:26,187 INFO o.a.j.JMeter: file.encoding=UTF-8
2025-11-01 17:04:26,187 INFO o.a.j.JMeter: java.awt.headless=true
2025-11-01 17:04:26,187 INFO o.a.j.JMeter: Max memory     =1073741824
2025-11-01 17:04:26,187 INFO o.a.j.JMeter: Available Processors =8
2025-11-01 17:04:26,195 INFO o.a.j.JMeter: Default Locale=English (EN)
2025-11-01 17:04:26,195 INFO o.a.j.JMeter: JMeter  Locale=English (EN)
2025-11-01 17:04:26,196 INFO o.a.j.JMeter: JMeterHome=/Users/mj/Desktop/jmeter
2025-11-01 17:04:26,196 INFO o.a.j.JMeter: user.dir  =/Users/mj/Desktop/performance-benchmarking-suite
2025-11-01 17:04:26,196 INFO o.a.j.JMeter: PWD       =/Users/mj/Desktop/performance-benchmarking-suite
2025-11-01 17:04:26,209 INFO o.a.j.JMeter: IP: 192.168.1.145 Name: Malshas-Air FullName: malshas-air
2025-11-01 17:04:26,217 INFO o.a.j.JMeter: Setting property 'jmeter.reportgenerator.outputdir' to:'/Users/mj/Desktop/performance-benchmarking-suite/jmeter/reports/baseline_test_report'
2025-11-01 17:04:26,219 INFO o.a.j.s.FileServer: Default base='/Users/mj/Desktop/performance-benchmarking-suite'
2025-11-01 17:04:26,219 INFO o.a.j.s.FileServer: Set new base='/Users/mj/Desktop/performance-benchmarking-suite/jmeter/plans'
2025-11-01 17:04:26,343 INFO o.a.j.s.SaveService: Testplan (JMX) version: 2.2. Testlog (JTL) version: 2.2
2025-11-01 17:04:26,367 INFO o.a.j.s.SaveService: Using SaveService properties version 5.0
2025-11-01 17:04:26,369 INFO o.a.j.s.SaveService: Using SaveService properties file encoding UTF-8
2025-11-01 17:04:26,371 INFO o.a.j.s.SaveService: Loading file: jmeter/plans/baseline_test.jmx
2025-11-01 17:04:26,407 INFO o.a.j.p.h.s.HTTPSamplerBase: Parser for text/html is org.apache.jmeter.protocol.http.parser.LagartoBasedHtmlParser
2025-11-01 17:04:26,407 INFO o.a.j.p.h.s.HTTPSamplerBase: Parser for application/xhtml+xml is org.apache.jmeter.protocol.http.parser.LagartoBasedHtmlParser
2025-11-01 17:04:26,407 INFO o.a.j.p.h.s.HTTPSamplerBase: Parser for application/xml is org.apache.jmeter.protocol.http.parser.LagartoBasedHtmlParser
2025-11-01 17:04:26,407 INFO o.a.j.p.h.s.HTTPSamplerBase: Parser for text/xml is org.apache.jmeter.protocol.http.parser.LagartoBasedHtmlParser
2025-11-01 17:04:26,407 INFO o.a.j.p.h.s.HTTPSamplerBase: Parser for text/vnd.wap.wml is org.apache.jmeter.protocol.http.parser.RegexpHTMLParser
2025-11-01 17:04:26,407 INFO o.a.j.p.h.s.HTTPSamplerBase: Parser for text/css is org.apache.jmeter.protocol.http.parser.CssParser
2025-11-01 17:04:26,413 INFO o.a.j.JMeter: Creating summariser <summary>
2025-11-01 17:04:26,420 INFO o.a.j.r.d.ReportGenerator: ReportGenerator will use for Parsing the separator: ','
2025-11-01 17:04:26,420 INFO o.a.j.r.d.ReportGenerator: Will generate report at end of test from  results file: jmeter/results/baseline_test.jtl
2025-11-01 17:04:26,420 INFO o.a.j.r.d.ReportGenerator: Reading report generator properties from: /Users/mj/Desktop/jmeter/bin/reportgenerator.properties
2025-11-01 17:04:26,421 INFO o.a.j.r.d.ReportGenerator: Merging with JMeter properties
2025-11-01 17:04:26,424 INFO o.a.j.r.c.ReportGeneratorConfiguration: Property 'jmeter.reportgenerator.temp_dir' not found, using default value 'temp' instead.
2025-11-01 17:04:26,426 INFO o.a.j.r.c.ReportGeneratorConfiguration: Property 'jmeter.reportgenerator.apdex_per_transaction' not found, using default value 'null' instead.
2025-11-01 17:04:26,426 INFO o.a.j.r.c.ReportGeneratorConfiguration: apdex_per_transaction is empty, not APDEX per transaction customization
2025-11-01 17:04:26,426 INFO o.a.j.r.c.ReportGeneratorConfiguration: Property 'jmeter.reportgenerator.sample_filter' not found, using default value 'null' instead.
2025-11-01 17:04:26,426 INFO o.a.j.r.c.ReportGeneratorConfiguration: Property 'jmeter.reportgenerator.report_title' not found, using default value 'null' instead.
2025-11-01 17:04:26,426 INFO o.a.j.r.c.ReportGeneratorConfiguration: Property 'jmeter.reportgenerator.start_date' not found, using default value 'null' instead.
2025-11-01 17:04:26,426 INFO o.a.j.r.c.ReportGeneratorConfiguration: Property 'jmeter.reportgenerator.end_date' not found, using default value 'null' instead.
2025-11-01 17:04:26,426 INFO o.a.j.r.c.ReportGeneratorConfiguration: Property 'jmeter.reportgenerator.date_format' not found, using default value 'null' instead.
2025-11-01 17:04:26,426 INFO o.a.j.r.c.ReportGeneratorConfiguration: Will use date range start date: null, end date: null
2025-11-01 17:04:26,429 INFO o.a.j.r.c.ReportGeneratorConfiguration: Property 'jmeter.reportgenerator.graph.totalTPS.exclude_controllers' not found, using default value 'false' instead.
2025-11-01 17:04:26,429 INFO o.a.j.r.c.ReportGeneratorConfiguration: Property 'jmeter.reportgenerator.graph.activeThreadsOverTime.exclude_controllers' not found, using default value 'false' instead.
2025-11-01 17:04:26,429 INFO o.a.j.r.c.ReportGeneratorConfiguration: Property 'jmeter.reportgenerator.graph.timeVsThreads.exclude_controllers' not found, using default value 'false' instead.
2025-11-01 17:04:26,429 INFO o.a.j.r.c.ReportGeneratorConfiguration: Property 'jmeter.reportgenerator.graph.responseTimeDistribution.exclude_controllers' not found, using default value 'false' instead.
2025-11-01 17:04:26,429 INFO o.a.j.r.c.ReportGeneratorConfiguration: Property 'jmeter.reportgenerator.graph.transactionsPerSecond.exclude_controllers' not found, using default value 'false' instead.
2025-11-01 17:04:26,429 INFO o.a.j.r.c.ReportGeneratorConfiguration: Property 'jmeter.reportgenerator.graph.responseTimePercentiles.exclude_controllers' not found, using default value 'false' instead.
2025-11-01 17:04:26,429 INFO o.a.j.r.c.ReportGeneratorConfiguration: Property 'jmeter.reportgenerator.graph.responseTimePercentilesOverTime.exclude_controllers' not found, using default value 'false' instead.
2025-11-01 17:04:26,429 INFO o.a.j.r.c.ReportGeneratorConfiguration: Property 'jmeter.reportgenerator.graph.responseTimesOverTime.exclude_controllers' not found, using default value 'false' instead.
2025-11-01 17:04:26,429 INFO o.a.j.r.c.ReportGeneratorConfiguration: Property 'jmeter.reportgenerator.graph.connectTimeOverTime.exclude_controllers' not found, using default value 'false' instead.
2025-11-01 17:04:26,429 INFO o.a.j.r.c.ReportGeneratorConfiguration: Property 'jmeter.reportgenerator.graph.latenciesOverTime.exclude_controllers' not found, using default value 'false' instead.
2025-11-01 17:04:26,430 INFO o.a.j.r.c.ReportGeneratorConfiguration: Property 'jmeter.reportgenerator.exporter.json.filters_only_sample_series' not found, using default value 'true' instead.
2025-11-01 17:04:26,430 INFO o.a.j.r.c.ReportGeneratorConfiguration: Property 'jmeter.reportgenerator.exporter.json.series_filter' not found, using default value '' instead.
2025-11-01 17:04:26,430 INFO o.a.j.r.c.ReportGeneratorConfiguration: Property 'jmeter.reportgenerator.exporter.json.show_controllers_only' not found, using default value 'false' instead.
2025-11-01 17:04:26,430 INFO o.a.j.r.c.ReportGeneratorConfiguration: Property 'jmeter.reportgenerator.exporter.html.filters_only_sample_series' not found, using default value 'true' instead.
2025-11-01 17:04:26,430 INFO o.a.j.r.c.ReportGeneratorConfiguration: Property 'jmeter.reportgenerator.exporter.html.series_filter' not found, using default value '' instead.
2025-11-01 17:04:26,430 INFO o.a.j.r.c.ReportGeneratorConfiguration: Property 'jmeter.reportgenerator.exporter.html.show_controllers_only' not found, using default value 'false' instead.
2025-11-01 17:04:26,438 INFO o.a.j.e.StandardJMeterEngine: Running the test!
2025-11-01 17:04:26,438 INFO o.a.j.s.SampleEvent: List of sample_variables: []
2025-11-01 17:04:26,438 INFO o.a.j.s.SampleEvent: List of sample_variables: []
2025-11-01 17:04:26,440 INFO o.a.j.e.u.CompoundVariable: Note: Function class names must contain the string: '.functions.'
2025-11-01 17:04:26,440 INFO o.a.j.e.u.CompoundVariable: Note: Function class names must not contain the string: '.gui.'
2025-11-01 17:04:26,481 INFO o.a.j.JMeter: Running test (1762013066481)
2025-11-01 17:04:26,493 INFO o.a.j.e.StandardJMeterEngine: Starting ThreadGroup: 1 : Baseline Thread Group
2025-11-01 17:04:26,493 INFO o.a.j.e.StandardJMeterEngine: Starting 10 threads for group Baseline Thread Group.
2025-11-01 17:04:26,493 INFO o.a.j.e.StandardJMeterEngine: Thread will continue on error
2025-11-01 17:04:26,494 INFO o.a.j.t.ThreadGroup: Starting thread group... number=1 threads=10 ramp-up=10 delayedStart=false
2025-11-01 17:04:26,497 INFO o.a.j.t.JMeterThread: Thread started: Baseline Thread Group 1-1
2025-11-01 17:04:26,497 INFO o.a.j.t.ThreadGroup: Started thread group number 1
2025-11-01 17:04:26,497 INFO o.a.j.e.StandardJMeterEngine: All thread groups have been started
2025-11-01 17:04:26,507 INFO o.a.j.p.h.s.HTTPHCAbstractImpl: Local host = Malshas-Air
2025-11-01 17:04:26,510 INFO o.a.j.p.h.s.HTTPHC4Impl: HTTP request retry count = 0
2025-11-01 17:04:26,511 INFO o.a.j.s.SampleResult: Note: Sample TimeStamps are START times
2025-11-01 17:04:26,511 INFO o.a.j.s.SampleResult: sampleresult.default.encoding is set to UTF-8
2025-11-01 17:04:26,511 INFO o.a.j.s.SampleResult: sampleresult.useNanoTime=true
2025-11-01 17:04:26,511 INFO o.a.j.s.SampleResult: sampleresult.nanoThreadSleep=5000
2025-11-01 17:04:26,556 INFO o.a.j.p.h.s.h.LazyLayeredConnectionSocketFactory: Setting up HTTPS TrustAll Socket Factory
2025-11-01 17:04:26,559 INFO o.a.j.u.JsseSSLManager: Using default SSL protocol: TLS
2025-11-01 17:04:26,560 INFO o.a.j.u.JsseSSLManager: SSL session context: per-thread
2025-11-01 17:04:26,606 INFO o.a.j.u.SSLManager: JmeterKeyStore Location:  type JKS
2025-11-01 17:04:26,609 INFO o.a.j.u.SSLManager: KeyStore created OK
2025-11-01 17:04:26,609 WARN o.a.j.u.SSLManager: Keystore file not found, loading empty keystore
2025-11-01 17:04:27,498 INFO o.a.j.t.JMeterThread: Thread started: Baseline Thread Group 1-2
2025-11-01 17:04:28,500 INFO o.a.j.t.JMeterThread: Thread started: Baseline Thread Group 1-3
2025-11-01 17:04:29,498 INFO o.a.j.t.JMeterThread: Thread started: Baseline Thread Group 1-4
2025-11-01 17:04:30,004 INFO o.a.j.r.Summariser: summary +    566 in 00:00:04 =  160.8/s Avg:    13 Min:    10 Max:   209 Err:     0 (0.00%) Active: 4 Started: 4 Finished: 0
2025-11-01 17:04:30,500 INFO o.a.j.t.JMeterThread: Thread started: Baseline Thread Group 1-5
2025-11-01 17:04:31,500 INFO o.a.j.t.JMeterThread: Thread started: Baseline Thread Group 1-6
2025-11-01 17:04:32,502 INFO o.a.j.t.JMeterThread: Thread started: Baseline Thread Group 1-7
2025-11-01 17:04:33,500 INFO o.a.j.t.JMeterThread: Thread started: Baseline Thread Group 1-8
2025-11-01 17:04:34,499 INFO o.a.j.t.JMeterThread: Thread started: Baseline Thread Group 1-9
2025-11-01 17:04:35,499 INFO o.a.j.t.JMeterThread: Thread started: Baseline Thread Group 1-10
2025-11-01 17:04:56,498 INFO o.a.j.t.JMeterThread: Stopping because end time detected by thread: Baseline Thread Group 1-10
2025-11-01 17:04:56,504 INFO o.a.j.t.JMeterThread: Stopping because end time detected by thread: Baseline Thread Group 1-5
2025-11-01 17:04:56,498 INFO o.a.j.t.JMeterThread: Stopping because end time detected by thread: Baseline Thread Group 1-4
2025-11-01 17:04:56,505 INFO o.a.j.t.JMeterThread: Stopping because end time detected by thread: Baseline Thread Group 1-2
2025-11-01 17:04:56,505 INFO o.a.j.t.JMeterThread: Stopping because end time detected by thread: Baseline Thread Group 1-9
2025-11-01 17:04:56,506 INFO o.a.j.t.JMeterThread: Stopping because end time detected by thread: Baseline Thread Group 1-6
2025-11-01 17:04:56,506 INFO o.a.j.t.JMeterThread: Thread finished: Baseline Thread Group 1-6
2025-11-01 17:04:56,506 INFO o.a.j.t.JMeterThread: Stopping because end time detected by thread: Baseline Thread Group 1-8
2025-11-01 17:04:56,506 INFO o.a.j.t.JMeterThread: Thread finished: Baseline Thread Group 1-8
2025-11-01 17:04:56,505 INFO o.a.j.t.JMeterThread: Stopping because end time detected by thread: Baseline Thread Group 1-3
2025-11-01 17:04:56,506 INFO o.a.j.t.JMeterThread: Stopping because end time detected by thread: Baseline Thread Group 1-7
2025-11-01 17:04:56,506 INFO o.a.j.t.JMeterThread: Thread finished: Baseline Thread Group 1-3
2025-11-01 17:04:56,506 INFO o.a.j.t.JMeterThread: Thread finished: Baseline Thread Group 1-7
2025-11-01 17:04:56,506 INFO o.a.j.t.JMeterThread: Thread finished: Baseline Thread Group 1-5
2025-11-01 17:04:56,506 INFO o.a.j.t.JMeterThread: Thread finished: Baseline Thread Group 1-4
2025-11-01 17:04:56,506 INFO o.a.j.t.JMeterThread: Thread finished: Baseline Thread Group 1-2
2025-11-01 17:04:56,506 INFO o.a.j.t.JMeterThread: Thread finished: Baseline Thread Group 1-10
2025-11-01 17:04:56,507 INFO o.a.j.t.JMeterThread: Stopping because end time detected by thread: Baseline Thread Group 1-1
2025-11-01 17:04:56,506 INFO o.a.j.t.JMeterThread: Thread finished: Baseline Thread Group 1-9
2025-11-01 17:04:56,507 INFO o.a.j.t.JMeterThread: Thread finished: Baseline Thread Group 1-1
2025-11-01 17:04:56,511 INFO o.a.j.e.StandardJMeterEngine: Notifying test listeners of end of test
2025-11-01 17:04:56,513 INFO o.a.j.r.Summariser: summary +  20533 in 00:00:27 =  774.5/s Avg:    11 Min:     7 Max:   231 Err:     0 (0.00%) Active: 0 Started: 10 Finished: 10
2025-11-01 17:04:56,513 INFO o.a.j.r.Summariser: summary =  21099 in 00:00:30 =  702.6/s Avg:    11 Min:     7 Max:   231 Err:     0 (0.00%)
2025-11-01 17:04:56,514 INFO o.a.j.JMeter: Generating Dashboard
2025-11-01 17:04:56,514 INFO o.a.j.r.d.ReportGenerator: Flushing result collector before report Generation
2025-11-01 17:04:56,543 INFO o.a.j.r.p.NormalizerSampleConsumer: Using format, 'ms', to parse timeStamp field
2025-11-01 17:04:57,053 INFO o.a.j.r.p.AbstractSampleConsumer: class org.apache.jmeter.report.processor.AggregateConsumer#stopProducing(): beginDate produced 0 samples
2025-11-01 17:04:57,053 INFO o.a.j.r.p.AbstractSampleConsumer: class org.apache.jmeter.report.processor.AggregateConsumer#stopProducing(): endDate produced 0 samples
2025-11-01 17:04:57,054 INFO o.a.j.r.p.AbstractSampleConsumer: class org.apache.jmeter.report.processor.ApdexSummaryConsumer#stopProducing(): apdexSummary produced 0 samples
2025-11-01 17:04:57,054 INFO o.a.j.r.p.AbstractSampleConsumer: class org.apache.jmeter.report.processor.RequestsSummaryConsumer#stopProducing(): requestsSummary produced 0 samples
2025-11-01 17:04:57,064 INFO o.a.j.r.p.AbstractSampleConsumer: class org.apache.jmeter.report.processor.StatisticsSummaryConsumer#stopProducing(): statisticsSummary produced 0 samples
2025-11-01 17:04:57,067 INFO o.a.j.r.p.AbstractSampleConsumer: class org.apache.jmeter.report.processor.Top5ErrorsBySamplerConsumer#stopProducing(): top5ErrorsBySampler produced 0 samples
2025-11-01 17:04:57,067 INFO o.a.j.r.p.AbstractSampleConsumer: class org.apache.jmeter.report.processor.ErrorsSummaryConsumer#stopProducing(): errorsSummary produced 0 samples
2025-11-01 17:04:57,067 INFO o.a.j.r.p.AbstractSampleConsumer: class org.apache.jmeter.report.processor.graph.impl.HitsPerSecondGraphConsumer#stopProducing(): hitsPerSecond produced 0 samples
2025-11-01 17:04:57,184 INFO o.a.j.r.p.AbstractSampleConsumer: class org.apache.jmeter.report.processor.graph.impl.LatencyVSRequestGraphConsumer#stopProducing(): latencyVsRequest produced 0 samples
2025-11-01 17:04:57,188 INFO o.a.j.r.p.AbstractSampleConsumer: class org.apache.jmeter.report.processor.graph.impl.SyntheticResponseTimeDistributionGraphConsumer#stopProducing(): syntheticResponseTimeDistribution produced 0 samples
2025-11-01 17:04:57,189 INFO o.a.j.r.p.AbstractSampleConsumer: class org.apache.jmeter.report.processor.graph.impl.BytesThroughputGraphConsumer#stopProducing(): bytesThroughputOverTime produced 0 samples
2025-11-01 17:04:57,189 INFO o.a.j.r.p.AbstractSampleConsumer: class org.apache.jmeter.report.processor.graph.impl.CodesPerSecondGraphConsumer#stopProducing(): codesPerSecond produced 0 samples
2025-11-01 17:04:57,269 INFO o.a.j.r.p.AbstractSampleConsumer: class org.apache.jmeter.report.processor.graph.impl.ResponseTimeVSRequestGraphConsumer#stopProducing(): responseTimeVsRequest produced 0 samples
2025-11-01 17:04:57,270 INFO o.a.j.r.p.AbstractSampleConsumer: class org.apache.jmeter.report.processor.FilterConsumer#stopProducing(): startIntervalControlerFilter produced 147693 samples
2025-11-01 17:04:57,270 INFO o.a.j.r.p.AbstractSampleConsumer: class org.apache.jmeter.report.processor.graph.impl.TotalTPSGraphConsumer#stopProducing(): totalTPS produced 0 samples
2025-11-01 17:04:57,270 INFO o.a.j.r.p.AbstractSampleConsumer: class org.apache.jmeter.report.processor.graph.impl.ActiveThreadsGraphConsumer#stopProducing(): activeThreadsOverTime produced 0 samples
2025-11-01 17:04:57,270 INFO o.a.j.r.p.AbstractSampleConsumer: class org.apache.jmeter.report.processor.graph.impl.TimeVSThreadGraphConsumer#stopProducing(): timeVsThreads produced 0 samples
2025-11-01 17:04:57,270 INFO o.a.j.r.p.AbstractSampleConsumer: class org.apache.jmeter.report.processor.graph.impl.ResponseTimeDistributionGraphConsumer#stopProducing(): responseTimeDistribution produced 0 samples
2025-11-01 17:04:57,270 INFO o.a.j.r.p.AbstractSampleConsumer: class org.apache.jmeter.report.processor.graph.impl.TransactionsPerSecondGraphConsumer#stopProducing(): transactionsPerSecond produced 0 samples
2025-11-01 17:04:57,270 INFO o.a.j.r.p.AbstractSampleConsumer: class org.apache.jmeter.report.processor.graph.impl.ResponseTimePercentilesGraphConsumer#stopProducing(): responseTimePercentiles produced 0 samples
2025-11-01 17:04:57,270 INFO o.a.j.r.p.AbstractSampleConsumer: class org.apache.jmeter.report.processor.graph.impl.ResponseTimePercentilesOverTimeGraphConsumer#stopProducing(): responseTimePercentilesOverTime produced 0 samples
2025-11-01 17:04:57,271 INFO o.a.j.r.p.AbstractSampleConsumer: class org.apache.jmeter.report.processor.graph.impl.ResponseTimeOverTimeGraphConsumer#stopProducing(): responseTimesOverTime produced 0 samples
2025-11-01 17:04:57,271 INFO o.a.j.r.p.AbstractSampleConsumer: class org.apache.jmeter.report.processor.graph.impl.ConnectTimeOverTimeGraphConsumer#stopProducing(): connectTimeOverTime produced 0 samples
2025-11-01 17:04:57,271 INFO o.a.j.r.p.AbstractSampleConsumer: class org.apache.jmeter.report.processor.graph.impl.LatencyOverTimeGraphConsumer#stopProducing(): latenciesOverTime produced 0 samples
2025-11-01 17:04:57,271 INFO o.a.j.r.p.AbstractSampleConsumer: class org.apache.jmeter.report.processor.FilterConsumer#stopProducing(): nameFilter produced 316485 samples
2025-11-01 17:04:57,271 INFO o.a.j.r.p.AbstractSampleConsumer: class org.apache.jmeter.report.processor.FilterConsumer#stopProducing(): dateRangeFilter produced 63297 samples
2025-11-01 17:04:57,272 INFO o.a.j.r.p.AbstractSampleConsumer: class org.apache.jmeter.report.processor.NormalizerSampleConsumer#stopProducing(): normalizer produced 21099 samples
2025-11-01 17:04:57,272 INFO o.a.j.r.p.CsvFileSampleSource: produce(): 21099 samples produced in 717ms on channel 0
2025-11-01 17:04:57,272 INFO o.a.j.r.d.ReportGenerator: Exporting data using exporter:'json' of className:'org.apache.jmeter.report.dashboard.JsonExporter'
2025-11-01 17:04:57,318 INFO o.a.j.r.d.JsonExporter: Found data for consumer statisticsSummary in context
2025-11-01 17:04:57,318 INFO o.a.j.r.d.JsonExporter: Creating statistics for overall
2025-11-01 17:04:57,318 INFO o.a.j.r.d.JsonExporter: Creating statistics for other transactions
2025-11-01 17:04:57,318 INFO o.a.j.r.d.JsonExporter: Checking output folder
2025-11-01 17:04:57,319 INFO o.a.j.r.d.JsonExporter: Writing statistics JSON to /Users/mj/Desktop/performance-benchmarking-suite/jmeter/reports/baseline_test_report/statistics.json
2025-11-01 17:04:57,341 INFO o.a.j.r.d.ReportGenerator: Exporting data using exporter:'html' of className:'org.apache.jmeter.report.dashboard.HtmlTemplateExporter'
2025-11-01 17:04:57,342 INFO o.a.j.r.d.HtmlTemplateExporter: Will generate dashboard in folder: /Users/mj/Desktop/performance-benchmarking-suite/jmeter/reports/baseline_test_report
2025-11-01 17:04:57,401 INFO o.a.j.r.d.HtmlTemplateExporter: Report will be generated in: /Users/mj/Desktop/performance-benchmarking-suite/jmeter/reports/baseline_test_report, creating folder structure
2025-11-01 17:04:57,402 INFO o.a.j.r.d.TemplateVisitor: Copying folder from '/Users/mj/Desktop/jmeter/bin/report-template' to '/Users/mj/Desktop/performance-benchmarking-suite/jmeter/reports/baseline_test_report', got message: /Users/mj/Desktop/performance-benchmarking-suite/jmeter/reports/baseline_test_report, found non empty folder with following content [/Users/mj/Desktop/performance-benchmarking-suite/jmeter/reports/baseline_test_report/statistics.json], will be ignored
2025-11-01 17:04:57,569 INFO o.a.j.JMeter: Dashboard generated
